// Bun Snapshot v1, https://goo.gl/fbAQLP

exports[`edge cases splits a string with multiple json objects 1`] = `
[
  "{"employee":{"name":"sonoo","salary":56000,"married":true}}",
  
"[
  "Sunday",
  "Monday",
  "Tuesday",
  "Wednesday",
  "Thursday",
  "Friday",
  "Saturday"
]"
,
  
"[
  {
    "name": "Ram",
    "email": "Ram@gmail.com"
  },
  {
    "name": "Bob",
    "email": "bob32@gmail.com"
  }
]"
,
  "{"employees":[{"name":"Shyam","email":"shyamjaiswal@gmail.com"},{"name":"Bob","email":"bob32@gmail.com"},{"name":"Jai","email":"jai87@gmail.com"}]}",
  
"{
  "menu": {
    "id": "file",
    "value": "File",
    "popup": {
      "menuitem": [
        {
          "value": "New",
          "onclick": "CreateDoc()"
        },
        {
          "value": "Open",
          "onclick": "OpenDoc()"
        },
        {
          "value": "Save",
          "onclick": "SaveDoc()"
        }
      ]
    }
  }
}"
,
]
`;
